// Jest Snapshot v1, https://goo.gl/fbAQLP

exports[`draw link and circle 1`] = `
<div>
  
    
  <svg
    height="800"
    id="svg02"
    width="700"
    xmlns="http://www.w3.org/2000/svg"
  >
    
        
    <g
      id="routes-layer"
    >
      <line
        id="root10"
        marker-end="url(#arr)"
        stroke="#aaa"
        stroke-width="8"
        x1="230"
        x2="318.8582797093769"
        y1="310"
        y2="87.8543007265578"
      />
      <line
        id="root11"
        marker-end="url(#arr)"
        stroke="#aaa"
        stroke-width="8"
        x1="330"
        x2="418.8582797093769"
        y1="60"
        y2="282.14569927344223"
      />
      <line
        id="root12"
        marker-end="url(#arr)"
        stroke="#aaa"
        stroke-width="8"
        x1="430"
        x2="260"
        y1="310"
        y2="310"
      />
      <line
        id="re_root10"
        marker-end=""
        stroke="#aaa"
        stroke-width="0"
        x1="230"
        x2="400"
        y1="310"
        y2="310"
      />
      <line
        id="re_root11"
        marker-end=""
        stroke="#aaa"
        stroke-width="0"
        x1="330"
        x2="241.1417202906231"
        y1="60"
        y2="282.14569927344223"
      />
      <line
        id="re_root12"
        marker-end=""
        stroke="#aaa"
        stroke-width="0"
        x1="430"
        x2="341.1417202906231"
        y1="310"
        y2="87.8543007265578"
      />
    </g>
    
        
    <g
      id="facilities-layer"
    >
      <g
        transform="translate(230, 310)"
      >
        <circle
          fill="#99aaee"
          id="start"
          r="10"
          stroke="black"
        />
        <rect
          fill="#fa0"
          height="10"
          id="material-start"
          opacity="0"
          width="10"
          x="-20"
        />
        <text
          text-anchor="middle"
          y="25"
        >
          startPoint
        </text>
      </g>
      <g
        transform="translate(330, 60)"
      >
        <circle
          fill="#99aaee"
          id="1"
          r="15"
          stroke="black"
        />
        <rect
          fill="#fa0"
          height="10"
          id="material-1"
          opacity="0"
          width="10"
          x="-20"
        />
        <text
          text-anchor="middle"
          y="25"
        >
          machine-no-1
        </text>
      </g>
      <g
        transform="translate(430, 310)"
      >
        <circle
          fill="#99aaee"
          id="goal"
          r="10"
          stroke="black"
        />
        <rect
          fill="#fa0"
          height="10"
          id="material-goal"
          opacity="0"
          width="10"
          x="-20"
        />
        <text
          text-anchor="middle"
          y="25"
        >
          goalPoint
        </text>
      </g>
    </g>
    
        
    <g
      id="operators-layer"
    />
    
    
  </svg>
  
  
</div>
`;
